
Memory Configuration

Name             Origin             Length             Attributes
Mem              0x00000000         0x04000000         xrw
*default*        0x00000000         0xffffffff

Linker script and memory map

                0x00010000                . = 0x10000

.startup        0x00010000       0x18
 startup.o(.text)
 .text          0x00010000        0xc startup.o
                0x00010000                reset
 .startup       0x0001000c        0xc leran-in-depth.elf

.text           0x00010018      0x1c0
 *(.text)
 .text          0x00010018       0x5c uart.o
                0x00010018                Uart_send_string
 .text          0x00010074       0x24 app.o
                0x00010074                main
 .text          0x00010098       0xdc leran-in-depth.elf
 *(.rodata)
 .rodata        0x00010174       0x64 app.o
                0x00010174                string_buffer2

.glue_7         0x000101d8        0x0
 .glue_7        0x000101d8        0x0 linker stubs

.glue_7t        0x000101d8        0x0
 .glue_7t       0x000101d8        0x0 linker stubs

.vfp11_veneer   0x000101d8        0x0
 .vfp11_veneer  0x000101d8        0x0 linker stubs

.v4_bx          0x000101d8        0x0
 .v4_bx         0x000101d8        0x0 linker stubs

.iplt           0x000101d8        0x0
 .iplt          0x000101d8        0x0 startup.o

.rel.dyn        0x000101d8        0x0
 .rel.iplt      0x000101d8        0x0 startup.o

.data           0x000101d8       0xc8
 *(.data)
 .data          0x000101d8        0x0 startup.o
 .data          0x000101d8        0x0 uart.o
 .data          0x000101d8       0x64 app.o
                0x000101d8                string_buffer
 .data          0x0001023c       0x64 leran-in-depth.elf

.igot.plt       0x000102a0        0x0
 .igot.plt      0x000102a0        0x0 startup.o

.bss            0x000102a0        0x0
 *(.bss)
 .bss           0x000102a0        0x0 startup.o
 .bss           0x000102a0        0x0 uart.o
 .bss           0x000102a0        0x0 app.o
 *(.COMMON)
                0x000112a0                . = (. + 0x1000)
                0x000112a0                Stack_top = .
LOAD startup.o
LOAD uart.o
LOAD app.o
LOAD leran-in-depth.elf
OUTPUT(a.out elf32-littlearm)

.ARM.attributes
                0x00000000       0x2e
 .ARM.attributes
                0x00000000       0x12 startup.o
 .ARM.attributes
                0x00000012       0x30 uart.o
 .ARM.attributes
                0x00000042       0x30 app.o
 .ARM.attributes
                0x00000072       0x2e leran-in-depth.elf

.comment        0x00000000       0x7e
 .comment       0x00000000       0x7e uart.o
                                 0x7f (size before relaxing)
 .comment       0x0000007e       0x7f app.o
 .comment       0x0000007e       0x7e leran-in-depth.elf

.debug_info     0x00000000      0x200
 .debug_info    0x00000000       0x5c uart.o
 .debug_info    0x0000005c       0x91 app.o
 .debug_info    0x000000ed      0x113 leran-in-depth.elf

.debug_abbrev   0x00000000      0x186
 .debug_abbrev  0x00000000       0x58 uart.o
 .debug_abbrev  0x00000058       0x61 app.o
 .debug_abbrev  0x000000b9       0xcd leran-in-depth.elf

.debug_aranges  0x00000000       0xa0
 .debug_aranges
                0x00000000       0x20 uart.o
 .debug_aranges
                0x00000020       0x20 app.o
 .debug_aranges
                0x00000040       0x60 leran-in-depth.elf

.debug_line     0x00000000      0x115
 .debug_line    0x00000000       0x39 uart.o
 .debug_line    0x00000039       0x35 app.o
 .debug_line    0x0000006e       0xa7 leran-in-depth.elf

.debug_str      0x00000000      0x18a
 .debug_str     0x00000000       0xb4 uart.o
 .debug_str     0x000000b4       0x35 app.o
                                 0xc5 (size before relaxing)
 .debug_str     0x000000e9       0xa1 leran-in-depth.elf
                                0x108 (size before relaxing)

.debug_frame    0x00000000       0xc0
 .debug_frame   0x00000000       0x30 uart.o
 .debug_frame   0x00000030       0x34 app.o
 .debug_frame   0x00000064       0x5c leran-in-depth.elf
